2025-01-14 07:07:00 | DEBUG | repo=mpv | action=edit | files=3
2025-12-25 19:19:00 | WARN | repo=mpv | action=commit
2025-11-15 11:50:00 | DEBUG | repo=mpv | action=test | passed=true
2025-03-18 20:47:00 | INFO | repo=mpv | action=test | passed=true
2025-08-28 18:46:00 | INFO | repo=mpv | action=commit
2025-04-03 15:52:00 | WARN | repo=mpv | action=commit
2025-12-20 15:41:00 | WARN | repo=mpv | action=pull
2025-07-27 16:10:00 | INFO | repo=mpv | action=commit
2025-04-26 09:03:00 | WARN | repo=mpv | action=commit
2025-11-24 16:57:00 | WARN | repo=mpv | action=commit
2025-06-24 11:56:00 | DEBUG | repo=mpv | action=commit
2025-08-09 16:56:00 | DEBUG | repo=mpv | action=commit
2025-07-05 11:02:00 | DEBUG | repo=mpv | action=commit
2025-03-28 13:06:00 | WARN | repo=mpv | action=edit | files=3
2025-02-23 10:34:00 | WARN | repo=mpv | action=commit
2025-04-21 17:54:00 | DEBUG | repo=mpv | action=test | passed=true
2025-10-12 12:26:00 | WARN | repo=mpv | action=test | passed=true
2025-11-07 08:17:00 | DEBUG | repo=mpv | action=commit
2025-10-22 21:06:00 | WARN | repo=mpv | action=test | passed=true
2025-03-19 19:35:00 | INFO | repo=mpv | action=edit | files=1
2025-12-01 17:47:00 | DEBUG | repo=mpv | action=commit
2025-02-25 14:07:00 | WARN | repo=mpv | action=pull
2025-06-02 20:42:00 | DEBUG | repo=mpv | action=test | passed=true
2025-12-25 18:44:00 | WARN | repo=mpv | action=commit
2025-11-28 18:24:00 | INFO | repo=mpv | action=test | passed=true
2025-06-19 08:56:00 | WARN | repo=mpv | action=commit
2025-08-14 19:48:00 | DEBUG | repo=mpv | action=commit
2025-06-27 13:59:00 | INFO | repo=mpv | action=test | passed=true
2025-05-26 08:34:00 | DEBUG | repo=mpv | action=commit
2025-11-20 16:43:00 | WARN | repo=mpv | action=commit
